// Jest Snapshot v1, https://goo.gl/fbAQLP

exports[`ToolBar should render ToolBar  1`] = `
Object {
  "asFragment": [Function],
  "baseElement": <body>
    <div>
      <div
        class="MuiGrid-root makeStyles-root-1 MuiGrid-container MuiGrid-justify-xs-space-between"
        data-testid="toolbar"
      >
        <div
          class="MuiGrid-root makeStyles-groupBox-2 MuiGrid-item"
        >
          <div
            class="MuiGrid-root MuiGrid-container MuiGrid-align-items-xs-center"
          >
            <div
              class="MuiGrid-root makeStyles-dropDownBox-3 MuiGrid-item"
            >
              <div
                data-testid="toolbar1"
                style="display: flex; border-right: 1px solid grey;"
              >
                <div>
                  <div
                    class="MuiFormControl-root makeStyles-root-7"
                  >
                    <div
                      class="MuiInputBase-root MuiInput-root MuiInputBase-formControl MuiInput-formControl"
                      data-testid="select"
                    >
                      <div
                        aria-haspopup="listbox"
                        aria-labelledby="select-label demo-controlled-open-select"
                        class="MuiSelect-root MuiSelect-select MuiSelect-selectMenu MuiInputBase-input MuiInput-input"
                        id="demo-controlled-open-select"
                        role="button"
                        tabindex="0"
                      >
                        <div
                          class="MuiGrid-root makeStyles-root-12 MuiGrid-container MuiGrid-spacing-xs-1 MuiGrid-align-items-xs-center"
                        >
                          <div
                            class="MuiGrid-root MuiGrid-item"
                          >
                            <svg
                              aria-hidden="true"
                              class="MuiSvgIcon-root MuiSvgIcon-root makeStyles-icon-13 MuiSvgIcon-colorSecondary"
                              focusable="false"
                              viewBox="0 0 24 24"
                            >
                              <path
                                d="M4 6v12h17V6H4zm15 10H6v-3h13v3zM6 11V8h13v3H6z"
                              />
                            </svg>
                          </div>
                          <div
                            class="MuiGrid-root makeStyles-text-14 MuiGrid-item"
                          >
                            <p
                              class="MuiTypography-root MuiTypography-body1 MuiTypography-noWrap"
                            >
                              Sales
                            </p>
                          </div>
                        </div>
                      </div>
                      <input
                        aria-hidden="true"
                        class="MuiSelect-nativeInput"
                        tabindex="-1"
                        value="[object Object]"
                      />
                      <svg
                        aria-hidden="true"
                        class="MuiSvgIcon-root MuiSelect-icon"
                        focusable="false"
                        viewBox="0 0 24 24"
                      >
                        <path
                          d="M12 8c1.1 0 2-.9 2-2s-.9-2-2-2-2 .9-2 2 .9 2 2 2zm0 2c-1.1 0-2 .9-2 2s.9 2 2 2 2-.9 2-2-.9-2-2-2zm0 6c-1.1 0-2 .9-2 2s.9 2 2 2 2-.9 2-2-.9-2-2-2z"
                        />
                      </svg>
                    </div>
                  </div>
                </div>
              </div>
            </div>
            <div
              class="MuiGrid-root MuiGrid-item"
            >
              <div
                class="MuiGrid-root MuiGrid-container MuiGrid-align-items-xs-center"
              >
                <div
                  class="MuiGrid-root makeStyles-actionBox-6 MuiGrid-item"
                >
                  <div
                    class="MuiGrid-root makeStyles-gridBox-16 MuiGrid-container"
                    display="inline"
                  >
                    <div
                      class="MuiGrid-root makeStyles-gridBoxItem-17 makeStyles-gridIcon-18 MuiGrid-item"
                    >
                      <svg
                        aria-hidden="true"
                        class="MuiSvgIcon-root MuiSvgIcon-root MuiSvgIcon-colorSecondary"
                        focusable="false"
                        viewBox="0 0 24 24"
                      >
                        <path
                          d="M10 18h4v-2h-4v2zM3 6v2h18V6H3zm3 7h12v-2H6v2z"
                        />
                      </svg>
                    </div>
                    <div
                      class="MuiGrid-root makeStyles-gridBoxItem-17 MuiGrid-item"
                    >
                      <p
                        class="MuiTypography-root makeStyles-text-15 MuiTypography-body1 MuiTypography-noWrap"
                      >
                        Filter
                      </p>
                    </div>
                  </div>
                </div>
                <div
                  class="MuiGrid-root makeStyles-actionBox-6 MuiGrid-item"
                >
                  <div
                    class="MuiGrid-root makeStyles-gridBox-16 MuiGrid-container"
                    display="inline"
                  >
                    <div
                      class="MuiGrid-root makeStyles-gridBoxItem-17 makeStyles-gridIcon-18 MuiGrid-item"
                    >
                      <svg
                        aria-hidden="true"
                        class="MuiSvgIcon-root MuiSvgIcon-root MuiSvgIcon-colorSecondary"
                        focusable="false"
                        viewBox="0 0 24 24"
                      >
                        <path
                          d="M3 13h2v-2H3v2zm0 4h2v-2H3v2zm0-8h2V7H3v2zm4 4h14v-2H7v2zm0 4h14v-2H7v2zM7 7v2h14V7H7z"
                        />
                      </svg>
                    </div>
                    <div
                      class="MuiGrid-root makeStyles-gridBoxItem-17 MuiGrid-item"
                    >
                      <p
                        class="MuiTypography-root makeStyles-text-15 MuiTypography-body1 MuiTypography-noWrap"
                      >
                        Group
                      </p>
                    </div>
                  </div>
                </div>
                <div
                  class="MuiGrid-root makeStyles-actionBox-6 MuiGrid-item"
                >
                  <div
                    class="MuiGrid-root makeStyles-gridBox-16 MuiGrid-container"
                    display="inline"
                  >
                    <div
                      class="MuiGrid-root makeStyles-gridBoxItem-17 makeStyles-gridIcon-18 MuiGrid-item"
                    >
                      <svg
                        aria-hidden="true"
                        class="MuiSvgIcon-root MuiSvgIcon-root MuiSvgIcon-colorSecondary"
                        focusable="false"
                        viewBox="0 0 24 24"
                      >
                        <path
                          d="M9 3L5 6.99h3V14h2V6.99h3L9 3zm7 14.01V10h-2v7.01h-3L15 21l4-3.99h-3z"
                        />
                      </svg>
                    </div>
                    <div
                      class="MuiGrid-root makeStyles-gridBoxItem-17 MuiGrid-item"
                    >
                      <p
                        class="MuiTypography-root makeStyles-text-15 MuiTypography-body1 MuiTypography-noWrap"
                      >
                        Sort
                      </p>
                    </div>
                  </div>
                </div>
                <div
                  class="MuiGrid-root makeStyles-actionBox-6 MuiGrid-item"
                >
                  <div
                    class="MuiGrid-root makeStyles-gridBox-16 MuiGrid-container"
                    display="inline"
                  >
                    <div
                      class="MuiGrid-root makeStyles-gridBoxItem-17 makeStyles-gridIcon-18 MuiGrid-item"
                    >
                      <svg
                        aria-hidden="true"
                        class="MuiSvgIcon-root MuiSvgIcon-root MuiSvgIcon-colorSecondary"
                        focusable="false"
                        viewBox="0 0 24 24"
                      >
                        <path
                          d="M14.12 10.47L12 12.59l-2.13-2.12-1.41 1.41L10.59 14l-2.12 2.12 1.41 1.41L12 15.41l2.12 2.12 1.41-1.41L13.41 14l2.12-2.12zM15.5 4l-1-1h-5l-1 1H5v2h14V4zM6 19c0 1.1.9 2 2 2h8c1.1 0 2-.9 2-2V7H6v12zM8 9h8v10H8V9z"
                        />
                      </svg>
                    </div>
                    <div
                      class="MuiGrid-root makeStyles-gridBoxItem-17 MuiGrid-item"
                    >
                      <p
                        class="MuiTypography-root makeStyles-text-15 MuiTypography-body1 MuiTypography-noWrap"
                      >
                        Delete Selected
                      </p>
                    </div>
                    <div
                      class="MuiGrid-root makeStyles-gridBoxItem-17 MuiGrid-item"
                      data-testid="count"
                    >
                      <p
                        class="MuiTypography-root makeStyles-text-15 MuiTypography-body1"
                      >
                        (
                        3
                        )
                      </p>
                    </div>
                  </div>
                </div>
              </div>
            </div>
          </div>
        </div>
        <div
          class="MuiGrid-root MuiGrid-item"
        >
          <div
            class="MuiGrid-root makeStyles-searchBarBox-5 MuiGrid-container"
          >
            <div
              class="MuiGrid-root MuiGrid-item"
              data-testid="handleClick"
            >
              <svg
                aria-hidden="true"
                class="MuiSvgIcon-root"
                focusable="false"
                viewBox="0 0 24 24"
              >
                <path
                  d="M15.5 14h-.79l-.28-.27C15.41 12.59 16 11.11 16 9.5 16 5.91 13.09 3 9.5 3S3 5.91 3 9.5 5.91 16 9.5 16c1.61 0 3.09-.59 4.23-1.57l.27.28v.79l5 4.99L20.49 19l-4.99-5zm-6 0C7.01 14 5 11.99 5 9.5S7.01 5 9.5 5 14 7.01 14 9.5 11.99 14 9.5 14z"
                />
              </svg>
            </div>
            <div
              class="MuiGrid-root MuiGrid-item"
            />
          </div>
        </div>
      </div>
    </div>
  </body>,
  "container": <div>
    <div
      class="MuiGrid-root makeStyles-root-1 MuiGrid-container MuiGrid-justify-xs-space-between"
      data-testid="toolbar"
    >
      <div
        class="MuiGrid-root makeStyles-groupBox-2 MuiGrid-item"
      >
        <div
          class="MuiGrid-root MuiGrid-container MuiGrid-align-items-xs-center"
        >
          <div
            class="MuiGrid-root makeStyles-dropDownBox-3 MuiGrid-item"
          >
            <div
              data-testid="toolbar1"
              style="display: flex; border-right: 1px solid grey;"
            >
              <div>
                <div
                  class="MuiFormControl-root makeStyles-root-7"
                >
                  <div
                    class="MuiInputBase-root MuiInput-root MuiInputBase-formControl MuiInput-formControl"
                    data-testid="select"
                  >
                    <div
                      aria-haspopup="listbox"
                      aria-labelledby="select-label demo-controlled-open-select"
                      class="MuiSelect-root MuiSelect-select MuiSelect-selectMenu MuiInputBase-input MuiInput-input"
                      id="demo-controlled-open-select"
                      role="button"
                      tabindex="0"
                    >
                      <div
                        class="MuiGrid-root makeStyles-root-12 MuiGrid-container MuiGrid-spacing-xs-1 MuiGrid-align-items-xs-center"
                      >
                        <div
                          class="MuiGrid-root MuiGrid-item"
                        >
                          <svg
                            aria-hidden="true"
                            class="MuiSvgIcon-root MuiSvgIcon-root makeStyles-icon-13 MuiSvgIcon-colorSecondary"
                            focusable="false"
                            viewBox="0 0 24 24"
                          >
                            <path
                              d="M4 6v12h17V6H4zm15 10H6v-3h13v3zM6 11V8h13v3H6z"
                            />
                          </svg>
                        </div>
                        <div
                          class="MuiGrid-root makeStyles-text-14 MuiGrid-item"
                        >
                          <p
                            class="MuiTypography-root MuiTypography-body1 MuiTypography-noWrap"
                          >
                            Sales
                          </p>
                        </div>
                      </div>
                    </div>
                    <input
                      aria-hidden="true"
                      class="MuiSelect-nativeInput"
                      tabindex="-1"
                      value="[object Object]"
                    />
                    <svg
                      aria-hidden="true"
                      class="MuiSvgIcon-root MuiSelect-icon"
                      focusable="false"
                      viewBox="0 0 24 24"
                    >
                      <path
                        d="M12 8c1.1 0 2-.9 2-2s-.9-2-2-2-2 .9-2 2 .9 2 2 2zm0 2c-1.1 0-2 .9-2 2s.9 2 2 2 2-.9 2-2-.9-2-2-2zm0 6c-1.1 0-2 .9-2 2s.9 2 2 2 2-.9 2-2-.9-2-2-2z"
                      />
                    </svg>
                  </div>
                </div>
              </div>
            </div>
          </div>
          <div
            class="MuiGrid-root MuiGrid-item"
          >
            <div
              class="MuiGrid-root MuiGrid-container MuiGrid-align-items-xs-center"
            >
              <div
                class="MuiGrid-root makeStyles-actionBox-6 MuiGrid-item"
              >
                <div
                  class="MuiGrid-root makeStyles-gridBox-16 MuiGrid-container"
                  display="inline"
                >
                  <div
                    class="MuiGrid-root makeStyles-gridBoxItem-17 makeStyles-gridIcon-18 MuiGrid-item"
                  >
                    <svg
                      aria-hidden="true"
                      class="MuiSvgIcon-root MuiSvgIcon-root MuiSvgIcon-colorSecondary"
                      focusable="false"
                      viewBox="0 0 24 24"
                    >
                      <path
                        d="M10 18h4v-2h-4v2zM3 6v2h18V6H3zm3 7h12v-2H6v2z"
                      />
                    </svg>
                  </div>
                  <div
                    class="MuiGrid-root makeStyles-gridBoxItem-17 MuiGrid-item"
                  >
                    <p
                      class="MuiTypography-root makeStyles-text-15 MuiTypography-body1 MuiTypography-noWrap"
                    >
                      Filter
                    </p>
                  </div>
                </div>
              </div>
              <div
                class="MuiGrid-root makeStyles-actionBox-6 MuiGrid-item"
              >
                <div
                  class="MuiGrid-root makeStyles-gridBox-16 MuiGrid-container"
                  display="inline"
                >
                  <div
                    class="MuiGrid-root makeStyles-gridBoxItem-17 makeStyles-gridIcon-18 MuiGrid-item"
                  >
                    <svg
                      aria-hidden="true"
                      class="MuiSvgIcon-root MuiSvgIcon-root MuiSvgIcon-colorSecondary"
                      focusable="false"
                      viewBox="0 0 24 24"
                    >
                      <path
                        d="M3 13h2v-2H3v2zm0 4h2v-2H3v2zm0-8h2V7H3v2zm4 4h14v-2H7v2zm0 4h14v-2H7v2zM7 7v2h14V7H7z"
                      />
                    </svg>
                  </div>
                  <div
                    class="MuiGrid-root makeStyles-gridBoxItem-17 MuiGrid-item"
                  >
                    <p
                      class="MuiTypography-root makeStyles-text-15 MuiTypography-body1 MuiTypography-noWrap"
                    >
                      Group
                    </p>
                  </div>
                </div>
              </div>
              <div
                class="MuiGrid-root makeStyles-actionBox-6 MuiGrid-item"
              >
                <div
                  class="MuiGrid-root makeStyles-gridBox-16 MuiGrid-container"
                  display="inline"
                >
                  <div
                    class="MuiGrid-root makeStyles-gridBoxItem-17 makeStyles-gridIcon-18 MuiGrid-item"
                  >
                    <svg
                      aria-hidden="true"
                      class="MuiSvgIcon-root MuiSvgIcon-root MuiSvgIcon-colorSecondary"
                      focusable="false"
                      viewBox="0 0 24 24"
                    >
                      <path
                        d="M9 3L5 6.99h3V14h2V6.99h3L9 3zm7 14.01V10h-2v7.01h-3L15 21l4-3.99h-3z"
                      />
                    </svg>
                  </div>
                  <div
                    class="MuiGrid-root makeStyles-gridBoxItem-17 MuiGrid-item"
                  >
                    <p
                      class="MuiTypography-root makeStyles-text-15 MuiTypography-body1 MuiTypography-noWrap"
                    >
                      Sort
                    </p>
                  </div>
                </div>
              </div>
              <div
                class="MuiGrid-root makeStyles-actionBox-6 MuiGrid-item"
              >
                <div
                  class="MuiGrid-root makeStyles-gridBox-16 MuiGrid-container"
                  display="inline"
                >
                  <div
                    class="MuiGrid-root makeStyles-gridBoxItem-17 makeStyles-gridIcon-18 MuiGrid-item"
                  >
                    <svg
                      aria-hidden="true"
                      class="MuiSvgIcon-root MuiSvgIcon-root MuiSvgIcon-colorSecondary"
                      focusable="false"
                      viewBox="0 0 24 24"
                    >
                      <path
                        d="M14.12 10.47L12 12.59l-2.13-2.12-1.41 1.41L10.59 14l-2.12 2.12 1.41 1.41L12 15.41l2.12 2.12 1.41-1.41L13.41 14l2.12-2.12zM15.5 4l-1-1h-5l-1 1H5v2h14V4zM6 19c0 1.1.9 2 2 2h8c1.1 0 2-.9 2-2V7H6v12zM8 9h8v10H8V9z"
                      />
                    </svg>
                  </div>
                  <div
                    class="MuiGrid-root makeStyles-gridBoxItem-17 MuiGrid-item"
                  >
                    <p
                      class="MuiTypography-root makeStyles-text-15 MuiTypography-body1 MuiTypography-noWrap"
                    >
                      Delete Selected
                    </p>
                  </div>
                  <div
                    class="MuiGrid-root makeStyles-gridBoxItem-17 MuiGrid-item"
                    data-testid="count"
                  >
                    <p
                      class="MuiTypography-root makeStyles-text-15 MuiTypography-body1"
                    >
                      (
                      3
                      )
                    </p>
                  </div>
                </div>
              </div>
            </div>
          </div>
        </div>
      </div>
      <div
        class="MuiGrid-root MuiGrid-item"
      >
        <div
          class="MuiGrid-root makeStyles-searchBarBox-5 MuiGrid-container"
        >
          <div
            class="MuiGrid-root MuiGrid-item"
            data-testid="handleClick"
          >
            <svg
              aria-hidden="true"
              class="MuiSvgIcon-root"
              focusable="false"
              viewBox="0 0 24 24"
            >
              <path
                d="M15.5 14h-.79l-.28-.27C15.41 12.59 16 11.11 16 9.5 16 5.91 13.09 3 9.5 3S3 5.91 3 9.5 5.91 16 9.5 16c1.61 0 3.09-.59 4.23-1.57l.27.28v.79l5 4.99L20.49 19l-4.99-5zm-6 0C7.01 14 5 11.99 5 9.5S7.01 5 9.5 5 14 7.01 14 9.5 11.99 14 9.5 14z"
              />
            </svg>
          </div>
          <div
            class="MuiGrid-root MuiGrid-item"
          />
        </div>
      </div>
    </div>
  </div>,
  "debug": [Function],
  "findAllByAltText": [Function],
  "findAllByDisplayValue": [Function],
  "findAllByLabelText": [Function],
  "findAllByPlaceholderText": [Function],
  "findAllByRole": [Function],
  "findAllByTestId": [Function],
  "findAllByText": [Function],
  "findAllByTitle": [Function],
  "findByAltText": [Function],
  "findByDisplayValue": [Function],
  "findByLabelText": [Function],
  "findByPlaceholderText": [Function],
  "findByRole": [Function],
  "findByTestId": [Function],
  "findByText": [Function],
  "findByTitle": [Function],
  "getAllByAltText": [Function],
  "getAllByDisplayValue": [Function],
  "getAllByLabelText": [Function],
  "getAllByPlaceholderText": [Function],
  "getAllByRole": [Function],
  "getAllByTestId": [Function],
  "getAllByText": [Function],
  "getAllByTitle": [Function],
  "getByAltText": [Function],
  "getByDisplayValue": [Function],
  "getByLabelText": [Function],
  "getByPlaceholderText": [Function],
  "getByRole": [Function],
  "getByTestId": [Function],
  "getByText": [Function],
  "getByTitle": [Function],
  "queryAllByAltText": [Function],
  "queryAllByDisplayValue": [Function],
  "queryAllByLabelText": [Function],
  "queryAllByPlaceholderText": [Function],
  "queryAllByRole": [Function],
  "queryAllByTestId": [Function],
  "queryAllByText": [Function],
  "queryAllByTitle": [Function],
  "queryByAltText": [Function],
  "queryByDisplayValue": [Function],
  "queryByLabelText": [Function],
  "queryByPlaceholderText": [Function],
  "queryByRole": [Function],
  "queryByTestId": [Function],
  "queryByText": [Function],
  "queryByTitle": [Function],
  "rerender": [Function],
  "unmount": [Function],
}
`;
