// Jest Snapshot v1, https://goo.gl/fbAQLP

exports[`TableHeader should render new Row  1`] = `
Object {
  "asFragment": [Function],
  "baseElement": <body>
    <div>
      <div
        class="makeStyles-root-1"
      >
        <ul
          class="MuiList-root makeStyles-listBox-5 MuiList-padding"
          data-testid="list"
        >
          <li
            class="MuiListItem-root makeStyles-listItem-6 MuiListItem-gutters"
          >
            <div
              class="MuiListItemIcon-root makeStyles-listIconRoot-8 makeStyles-listIcon-7"
            >
              <span
                aria-hidden="true"
                class="material-icons MuiIcon-root MuiIcon-colorPrimary"
              >
                io
              </span>
            </div>
          </li>
          <li
            class="MuiListItem-root makeStyles-listItem-6 makeStyles-list-2 MuiListItem-gutters"
          >
            <div
              class="MuiListItemIcon-root makeStyles-listIconRoot-8 makeStyles-listIcon-7"
            >
              <svg
                aria-hidden="true"
                class="MuiSvgIcon-root MuiSvgIcon-root makeStyles-notSelected-10 MuiSvgIcon-colorSecondary MuiSvgIcon-fontSizeSmall"
                focusable="false"
                viewBox="0 0 24 24"
              >
                <path
                  d="M11.99 2C6.47 2 2 6.48 2 12s4.47 10 9.99 10C17.52 22 22 17.52 22 12S17.52 2 11.99 2zM12 20c-4.42 0-8-3.58-8-8s3.58-8 8-8 8 3.58 8 8-3.58 8-8 8z"
                />
                <path
                  d="M12.5 7H11v6l5.25 3.15.75-1.23-4.5-2.67z"
                />
              </svg>
            </div>
          </li>
          <div
            class="makeStyles-selctedIcon-4"
          >
            <li
              class="MuiListItem-root makeStyles-listItem-6 makeStyles-list2-3 MuiListItem-gutters"
            >
              <div
                class="MuiListItemIcon-root makeStyles-listIconRoot-8 makeStyles-listIcon-7"
              >
                <div
                  class="MuiGrid-root makeStyles-root-9"
                >
                  <svg
                    aria-hidden="true"
                    class="MuiSvgIcon-root MuiSvgIcon-root MuiSvgIcon-colorPrimary MuiSvgIcon-fontSizeSmall"
                    focusable="false"
                    viewBox="0 0 24 24"
                  >
                    <path
                      d="M19 3H5c-1.1 0-2 .9-2 2v14c0 1.1.9 2 2 2h14c1.1 0 2-.9 2-2V5c0-1.1-.9-2-2-2zm0 16H5V5h14v14zM7 10h2v7H7zm4-3h2v10h-2zm4 6h2v4h-2z"
                    />
                  </svg>
                </div>
              </div>
            </li>
          </div>
          <li
            class="MuiListItem-root makeStyles-listItem-6 makeStyles-list-2 MuiListItem-gutters"
          >
            <div
              class="MuiListItemIcon-root makeStyles-listIconRoot-8 makeStyles-listIcon-7"
            >
              <svg
                aria-hidden="true"
                class="MuiSvgIcon-root MuiSvgIcon-root makeStyles-notSelected-10 MuiSvgIcon-colorSecondary MuiSvgIcon-fontSizeSmall"
                focusable="false"
                viewBox="0 0 24 24"
              >
                <path
                  d="M19.14 12.94c.04-.3.06-.61.06-.94 0-.32-.02-.64-.07-.94l2.03-1.58c.18-.14.23-.41.12-.61l-1.92-3.32c-.12-.22-.37-.29-.59-.22l-2.39.96c-.5-.38-1.03-.7-1.62-.94l-.36-2.54c-.04-.24-.24-.41-.48-.41h-3.84c-.24 0-.43.17-.47.41l-.36 2.54c-.59.24-1.13.57-1.62.94l-2.39-.96c-.22-.08-.47 0-.59.22L2.74 8.87c-.12.21-.08.47.12.61l2.03 1.58c-.05.3-.09.63-.09.94s.02.64.07.94l-2.03 1.58c-.18.14-.23.41-.12.61l1.92 3.32c.12.22.37.29.59.22l2.39-.96c.5.38 1.03.7 1.62.94l.36 2.54c.05.24.24.41.48.41h3.84c.24 0 .44-.17.47-.41l.36-2.54c.59-.24 1.13-.56 1.62-.94l2.39.96c.22.08.47 0 .59-.22l1.92-3.32c.12-.22.07-.47-.12-.61l-2.01-1.58zM12 15.6c-1.98 0-3.6-1.62-3.6-3.6s1.62-3.6 3.6-3.6 3.6 1.62 3.6 3.6-1.62 3.6-3.6 3.6z"
                />
              </svg>
            </div>
          </li>
          <li
            class="MuiListItem-root makeStyles-listItem-6 makeStyles-list-2 MuiListItem-gutters"
          >
            <div
              class="MuiListItemIcon-root makeStyles-listIconRoot-8 makeStyles-listIcon-7"
            >
              <img
                alt="close"
                src="test-file-stub"
              />
            </div>
          </li>
        </ul>
      </div>
    </div>
  </body>,
  "container": <div>
    <div
      class="makeStyles-root-1"
    >
      <ul
        class="MuiList-root makeStyles-listBox-5 MuiList-padding"
        data-testid="list"
      >
        <li
          class="MuiListItem-root makeStyles-listItem-6 MuiListItem-gutters"
        >
          <div
            class="MuiListItemIcon-root makeStyles-listIconRoot-8 makeStyles-listIcon-7"
          >
            <span
              aria-hidden="true"
              class="material-icons MuiIcon-root MuiIcon-colorPrimary"
            >
              io
            </span>
          </div>
        </li>
        <li
          class="MuiListItem-root makeStyles-listItem-6 makeStyles-list-2 MuiListItem-gutters"
        >
          <div
            class="MuiListItemIcon-root makeStyles-listIconRoot-8 makeStyles-listIcon-7"
          >
            <svg
              aria-hidden="true"
              class="MuiSvgIcon-root MuiSvgIcon-root makeStyles-notSelected-10 MuiSvgIcon-colorSecondary MuiSvgIcon-fontSizeSmall"
              focusable="false"
              viewBox="0 0 24 24"
            >
              <path
                d="M11.99 2C6.47 2 2 6.48 2 12s4.47 10 9.99 10C17.52 22 22 17.52 22 12S17.52 2 11.99 2zM12 20c-4.42 0-8-3.58-8-8s3.58-8 8-8 8 3.58 8 8-3.58 8-8 8z"
              />
              <path
                d="M12.5 7H11v6l5.25 3.15.75-1.23-4.5-2.67z"
              />
            </svg>
          </div>
        </li>
        <div
          class="makeStyles-selctedIcon-4"
        >
          <li
            class="MuiListItem-root makeStyles-listItem-6 makeStyles-list2-3 MuiListItem-gutters"
          >
            <div
              class="MuiListItemIcon-root makeStyles-listIconRoot-8 makeStyles-listIcon-7"
            >
              <div
                class="MuiGrid-root makeStyles-root-9"
              >
                <svg
                  aria-hidden="true"
                  class="MuiSvgIcon-root MuiSvgIcon-root MuiSvgIcon-colorPrimary MuiSvgIcon-fontSizeSmall"
                  focusable="false"
                  viewBox="0 0 24 24"
                >
                  <path
                    d="M19 3H5c-1.1 0-2 .9-2 2v14c0 1.1.9 2 2 2h14c1.1 0 2-.9 2-2V5c0-1.1-.9-2-2-2zm0 16H5V5h14v14zM7 10h2v7H7zm4-3h2v10h-2zm4 6h2v4h-2z"
                  />
                </svg>
              </div>
            </div>
          </li>
        </div>
        <li
          class="MuiListItem-root makeStyles-listItem-6 makeStyles-list-2 MuiListItem-gutters"
        >
          <div
            class="MuiListItemIcon-root makeStyles-listIconRoot-8 makeStyles-listIcon-7"
          >
            <svg
              aria-hidden="true"
              class="MuiSvgIcon-root MuiSvgIcon-root makeStyles-notSelected-10 MuiSvgIcon-colorSecondary MuiSvgIcon-fontSizeSmall"
              focusable="false"
              viewBox="0 0 24 24"
            >
              <path
                d="M19.14 12.94c.04-.3.06-.61.06-.94 0-.32-.02-.64-.07-.94l2.03-1.58c.18-.14.23-.41.12-.61l-1.92-3.32c-.12-.22-.37-.29-.59-.22l-2.39.96c-.5-.38-1.03-.7-1.62-.94l-.36-2.54c-.04-.24-.24-.41-.48-.41h-3.84c-.24 0-.43.17-.47.41l-.36 2.54c-.59.24-1.13.57-1.62.94l-2.39-.96c-.22-.08-.47 0-.59.22L2.74 8.87c-.12.21-.08.47.12.61l2.03 1.58c-.05.3-.09.63-.09.94s.02.64.07.94l-2.03 1.58c-.18.14-.23.41-.12.61l1.92 3.32c.12.22.37.29.59.22l2.39-.96c.5.38 1.03.7 1.62.94l.36 2.54c.05.24.24.41.48.41h3.84c.24 0 .44-.17.47-.41l.36-2.54c.59-.24 1.13-.56 1.62-.94l2.39.96c.22.08.47 0 .59-.22l1.92-3.32c.12-.22.07-.47-.12-.61l-2.01-1.58zM12 15.6c-1.98 0-3.6-1.62-3.6-3.6s1.62-3.6 3.6-3.6 3.6 1.62 3.6 3.6-1.62 3.6-3.6 3.6z"
              />
            </svg>
          </div>
        </li>
        <li
          class="MuiListItem-root makeStyles-listItem-6 makeStyles-list-2 MuiListItem-gutters"
        >
          <div
            class="MuiListItemIcon-root makeStyles-listIconRoot-8 makeStyles-listIcon-7"
          >
            <img
              alt="close"
              src="test-file-stub"
            />
          </div>
        </li>
      </ul>
    </div>
  </div>,
  "debug": [Function],
  "findAllByAltText": [Function],
  "findAllByDisplayValue": [Function],
  "findAllByLabelText": [Function],
  "findAllByPlaceholderText": [Function],
  "findAllByRole": [Function],
  "findAllByTestId": [Function],
  "findAllByText": [Function],
  "findAllByTitle": [Function],
  "findByAltText": [Function],
  "findByDisplayValue": [Function],
  "findByLabelText": [Function],
  "findByPlaceholderText": [Function],
  "findByRole": [Function],
  "findByTestId": [Function],
  "findByText": [Function],
  "findByTitle": [Function],
  "getAllByAltText": [Function],
  "getAllByDisplayValue": [Function],
  "getAllByLabelText": [Function],
  "getAllByPlaceholderText": [Function],
  "getAllByRole": [Function],
  "getAllByTestId": [Function],
  "getAllByText": [Function],
  "getAllByTitle": [Function],
  "getByAltText": [Function],
  "getByDisplayValue": [Function],
  "getByLabelText": [Function],
  "getByPlaceholderText": [Function],
  "getByRole": [Function],
  "getByTestId": [Function],
  "getByText": [Function],
  "getByTitle": [Function],
  "queryAllByAltText": [Function],
  "queryAllByDisplayValue": [Function],
  "queryAllByLabelText": [Function],
  "queryAllByPlaceholderText": [Function],
  "queryAllByRole": [Function],
  "queryAllByTestId": [Function],
  "queryAllByText": [Function],
  "queryAllByTitle": [Function],
  "queryByAltText": [Function],
  "queryByDisplayValue": [Function],
  "queryByLabelText": [Function],
  "queryByPlaceholderText": [Function],
  "queryByRole": [Function],
  "queryByTestId": [Function],
  "queryByText": [Function],
  "queryByTitle": [Function],
  "rerender": [Function],
  "unmount": [Function],
}
`;
